
> frontend@0.0.0 build
> tsc -b && vite build

src/api/joiningLetter.api.ts(17,15): error TS6133: 'baseUrl' is declared but its value is never read.
src/pages/admin/AdminLoginPage.tsx(28,45): error TS2345: Argument of type 'string | undefined' is not assignable to parameter of type 'Message'.
  Type 'undefined' is not assignable to type 'Message'.
src/pages/agent/AgentLeadsPage.tsx(118,64): error TS2339: Property 'agent_commission' does not exist on type 'any[]'.
src/pages/agent/AgentLeadsPage.tsx(118,112): error TS2339: Property 'agent_commission' does not exist on type 'any[]'.
src/pages/agent/AgentLeadsPage.tsx(121,64): error TS2339: Property 'agent_commission' does not exist on type 'any[]'.
src/pages/agent/AgentLeadsPage.tsx(122,153): error TS2339: Property 'agent_commission' does not exist on type 'any[]'.
src/pages/agent/AgentLeadsPage.tsx(124,71): error TS2339: Property 'agent_commission' does not exist on type 'any[]'.
src/pages/agent/AgentLeadsPage.tsx(205,64): error TS2339: Property 'agent_commission' does not exist on type 'any[]'.
src/pages/agent/AgentLeadsPage.tsx(205,112): error TS2339: Property 'agent_commission' does not exist on type 'any[]'.
src/pages/agent/AgentLoginPage.tsx(30,45): error TS2345: Argument of type 'string | undefined' is not assignable to parameter of type 'Message'.
  Type 'undefined' is not assignable to type 'Message'.
src/pages/super-agent/SuperAgentLoginPage.tsx(31,42): error TS2345: Argument of type 'string | undefined' is not assignable to parameter of type 'SetStateAction<string | null>'.
  Type 'undefined' is not assignable to type 'SetStateAction<string | null>'.
src/pages/super-agent/SuperAgentTeamPage.tsx(8,25): error TS6133: 'STATE_DISTRICTS' is declared but its value is never read.
